// Jest Snapshot v1, https://goo.gl/fbAQLP

exports[`AuthControl should match snapshot 1`] = `
.c2 {
  border-radius: 5px;
  border-style: solid;
  background-color: #5b5b5b;
  box-shadow: 0 4px 8px 0 #000000;
  border-color: #5b5b5b;
  height: 60%;
  margin: 5px;
  position: relative;
  -webkit-transition: 0.3s;
  transition: 0.3s;
  width: 30%;
}

.c2:hover {
  box-shadow: 0 8px 16px 0 #000000;
}

.c11 {
  background-color: #1ebad9;
  border-color: #1ebad9;
  border-radius: 5px;
  border-style: solid;
  box-shadow: 2px 2px #188aa1;
  margin: 10px;
  padding: 2.5px 5px;
}

.c11:active {
  box-shadow: 1px 1px #188aa1;
  -webkit-transform: translateY(1px) translateX(1px);
  -ms-transform: translateY(1px) translateX(1px);
  transform: translateY(1px) translateX(1px);
}

.c11:focus {
  outline: 0;
}

.c11:hover {
  cursor: pointer;
}

.c1 {
  background-color: #ffffff;
  height: 100%;
  opacity: 0.5;
  position: absolute;
  width: 100%;
}

.c10 {
  background-color: #5b5b5b;
  border-style: solid;
  color: #ffffff;
  border-color: #1ebad9;
  border-width: 0 0 2px 0;
  margin: 7.5px 5px;
}

.c10:focus {
  outline: 0;
}

.c10::-webkit-input-placeholder {
  color: #ffffff;
}

.c10::-moz-placeholder {
  color: #ffffff;
}

.c10:-ms-input-placeholder {
  color: #ffffff;
}

.c10::placeholder {
  color: #ffffff;
}

.c0 {
  height: 100%;
  width: 100%;
  -webkit-align-items: center;
  -webkit-box-align: center;
  -ms-flex-align: center;
  align-items: center;
  display: -webkit-box;
  display: -webkit-flex;
  display: -ms-flexbox;
  display: flex;
  -webkit-box-pack: center;
  -webkit-justify-content: center;
  -ms-flex-pack: center;
  justify-content: center;
}

.c3 {
  height: 100%;
  width: 100%;
  display: -webkit-box;
  display: -webkit-flex;
  display: -ms-flexbox;
  display: flex;
  -webkit-flex-direction: column;
  -ms-flex-direction: column;
  flex-direction: column;
}

.c5 {
  box-sizing: border-box;
  display: -webkit-box;
  display: -webkit-flex;
  display: -ms-flexbox;
  display: flex;
  height: 100%;
  padding: 10px;
}

.c4 {
  display: -webkit-box;
  display: -webkit-flex;
  display: -ms-flexbox;
  display: flex;
  width: 100%;
  -webkit-box-pack: end;
  -webkit-justify-content: flex-end;
  -ms-flex-pack: end;
  justify-content: flex-end;
}

.c6 {
  color: #ffffff;
}

.c6:hover {
  cursor: pointer;
}

.c9 {
  color: #ffffff;
  margin: 0;
  text-align: center;
}

.c8 {
  display: -webkit-box;
  display: -webkit-flex;
  display: -ms-flexbox;
  display: flex;
  -webkit-flex-direction: column;
  -ms-flex-direction: column;
  flex-direction: column;
  padding: 10px;
}

.c12 {
  color: #ffffff;
  margin: auto 0 10px 0;
  text-align: center;
  -webkit-user-select: none;
  -moz-user-select: none;
  -ms-user-select: none;
  user-select: none;
}

.c14 {
  -webkit-text-decoration: underline;
  text-decoration: underline;
}

.c14:hover {
  cursor: pointer;
}

.c13 {
  margin: 0;
  padding: 0;
}

.c7 {
  box-sizing: border-box;
  display: -webkit-box;
  display: -webkit-flex;
  display: -ms-flexbox;
  display: flex;
  -webkit-flex-direction: column;
  -ms-flex-direction: column;
  flex-direction: column;
  height: 100%;
  padding-top: 10px;
}

<div
  className="c0"
>
  <div
    className="c1"
    onClick={[Function]}
  />
  <div
    className="c2"
    height="60%"
    width="30%"
  >
    <div
      className="c3"
    >
      <div
        className="c4"
      >
        <div
          className="c5"
        >
          <svg
            aria-hidden="true"
            centered={false}
            className="svg-inline--fa fa-times-circle fa-w-16 c6"
            data-icon="times-circle"
            data-prefix="far"
            focusable="false"
            onClick={[Function]}
            role="img"
            style={Object {}}
            viewBox="0 0 512 512"
            xmlns="http://www.w3.org/2000/svg"
          >
            <path
              d="M256 8C119 8 8 119 8 256s111 248 248 248 248-111 248-248S393 8 256 8zm0 448c-110.5 0-200-89.5-200-200S145.5 56 256 56s200 89.5 200 200-89.5 200-200 200zm101.8-262.2L295.6 256l62.2 62.2c4.7 4.7 4.7 12.3 0 17l-22.6 22.6c-4.7 4.7-12.3 4.7-17 0L256 295.6l-62.2 62.2c-4.7 4.7-12.3 4.7-17 0l-22.6-22.6c-4.7-4.7-4.7-12.3 0-17l62.2-62.2-62.2-62.2c-4.7-4.7-4.7-12.3 0-17l22.6-22.6c4.7-4.7 12.3-4.7 17 0l62.2 62.2 62.2-62.2c4.7-4.7 12.3-4.7 17 0l22.6 22.6c4.7 4.7 4.7 12.3 0 17z"
              fill="currentColor"
              style={Object {}}
            />
          </svg>
        </div>
      </div>
      <div
        className="c7"
      >
        <form
          className="c8"
          onSubmit={[Function]}
        >
          <h2
            className="c9"
            size="medium"
            type="title"
          >
            Log In
          </h2>
          <input
            className="c10"
            name="email"
            onChange={[Function]}
            placeholder="Email"
            type="text"
          />
          <input
            className="c10"
            name="password"
            onChange={[Function]}
            placeholder="Password"
            type="password"
          />
          <button
            className="c11"
            onClick={[Function]}
            type="submit"
          >
            Submit
          </button>
        </form>
        <div
          className="c12"
        >
          <p
            className="c13"
          >
            Forgot you password? Click 
            <span
              className="c14 AuthControl_ChangeFormLink"
              onClick={[Function]}
            >
              here
            </span>
          </p>
          <p
            className="c13"
          >
            Don't have an account? Register 
            <span
              className="c14 AuthControl_ChangeFormLink"
              onClick={[Function]}
            >
              here
            </span>
          </p>
        </div>
      </div>
    </div>
  </div>
</div>
`;
