// Jest Snapshot v1, https://goo.gl/fbAQLP

exports[`Authentication - Common Tests should match snapshot 1`] = `
.c13 {
  background-color: #1ebad9;
  border-color: #1ebad9;
  border-radius: 5px;
  border-style: solid;
  box-shadow: 2px 2px #188aa1;
  margin: 10px;
  padding: 2.5px 5px;
}

.c13:active {
  box-shadow: 1px 1px #188aa1;
  -webkit-transform: translateY(1px) translateX(1px);
  -ms-transform: translateY(1px) translateX(1px);
  transform: translateY(1px) translateX(1px);
}

.c13:focus {
  outline: 0;
}

.c13:hover {
  cursor: pointer;
}

.c3 {
  border-radius: 5px;
  border-style: solid;
  background-color: #5b5b5b;
  border-color: #5b5b5b;
  -webkit-flex: 0.3;
  -ms-flex: 0.3;
  flex: 0.3;
  margin: 5px;
  position: relative;
  -webkit-transition: 0.3s;
  transition: 0.3s;
}

.c8 {
  display: -webkit-box;
  display: -webkit-flex;
  display: -ms-flexbox;
  display: flex;
  -webkit-flex-direction: column;
  -ms-flex-direction: column;
  flex-direction: column;
}

.c6 {
  color: #ffffff;
}

.c6:hover {
  cursor: pointer;
}

.c9 {
  text-align: center;
  color: #ffffff;
  margin: 0;
}

.c15 {
  text-align: left;
  color: #ffffff;
  margin: 0;
}

.c16 {
  color: #ffffff;
  margin: 0;
}

.c1 {
  background-color: #ffffff;
  height: 100%;
  left: 0;
  opacity: 0.5;
  position: absolute;
  top: 0;
  width: 100%;
}

.c10 {
  border-style: solid;
  background-color: #5b5b5b;
  color: #ffffff;
  border-color: #5b5b5b;
  border-style: solid;
  border-width: 2px;
  border-bottom-color: #1ebad9;
  -webkit-flex: 1;
  -ms-flex: 1;
  flex: 1;
}

.c10:focus {
  outline: 0;
}

.c10::-webkit-input-placeholder {
  color: #ffffff;
}

.c10::-moz-placeholder {
  color: #ffffff;
}

.c10:-ms-input-placeholder {
  color: #ffffff;
}

.c10::placeholder {
  color: #ffffff;
}

.c12 {
  border-style: solid;
  background-color: #5b5b5b;
  color: #ffffff;
  border-color: #5b5b5b;
  -webkit-flex: 1;
  -ms-flex: 1;
  flex: 1;
}

.c12:focus {
  outline: 0;
}

.c12::-webkit-input-placeholder {
  color: #ffffff;
}

.c12::-moz-placeholder {
  color: #ffffff;
}

.c12:-ms-input-placeholder {
  color: #ffffff;
}

.c12::placeholder {
  color: #ffffff;
}

.c0 {
  border-color: #5b5b5b;
  -webkit-align-items: unset;
  -webkit-box-align: unset;
  -ms-flex-align: unset;
  align-items: unset;
  bottom: unset;
  box-sizing: border-box;
  display: -webkit-box;
  display: -webkit-flex;
  display: -ms-flexbox;
  display: flex;
  -webkit-flex: 1;
  -ms-flex: 1;
  flex: 1;
  -webkit-flex-direction: unset;
  -ms-flex-direction: unset;
  flex-direction: unset;
  -webkit-box-pack: space-around;
  -webkit-justify-content: space-around;
  -ms-flex-pack: space-around;
  justify-content: space-around;
  left: unset;
  position: absolute;
  right: unset;
  top: unset;
  -webkit-transition: 0.3s;
  transition: 0.3s;
  height: 100%;
  width: 100%;
}

.c2 {
  border-color: #5b5b5b;
  -webkit-align-items: unset;
  -webkit-box-align: unset;
  -ms-flex-align: unset;
  align-items: unset;
  bottom: unset;
  box-sizing: border-box;
  display: -webkit-box;
  display: -webkit-flex;
  display: -ms-flexbox;
  display: flex;
  -webkit-flex: 0.3;
  -ms-flex: 0.3;
  flex: 0.3;
  -webkit-flex-direction: column;
  -ms-flex-direction: column;
  flex-direction: column;
  -webkit-box-pack: space-around;
  -webkit-justify-content: space-around;
  -ms-flex-pack: space-around;
  justify-content: space-around;
  left: unset;
  position: unset;
  right: unset;
  top: unset;
  -webkit-transition: 0.3s;
  transition: 0.3s;
}

.c4 {
  border-color: #5b5b5b;
  padding: 10px;
  -webkit-align-items: unset;
  -webkit-box-align: unset;
  -ms-flex-align: unset;
  align-items: unset;
  bottom: unset;
  box-sizing: border-box;
  display: -webkit-box;
  display: -webkit-flex;
  display: -ms-flexbox;
  display: flex;
  -webkit-flex: 1;
  -ms-flex: 1;
  flex: 1;
  -webkit-flex-direction: unset;
  -ms-flex-direction: unset;
  flex-direction: unset;
  -webkit-box-pack: unset;
  -webkit-justify-content: unset;
  -ms-flex-pack: unset;
  justify-content: unset;
  left: unset;
  position: unset;
  right: unset;
  top: unset;
  -webkit-transition: 0.3s;
  transition: 0.3s;
}

.c5 {
  border-color: #5b5b5b;
  -webkit-align-items: unset;
  -webkit-box-align: unset;
  -ms-flex-align: unset;
  align-items: unset;
  bottom: unset;
  box-sizing: border-box;
  display: -webkit-box;
  display: -webkit-flex;
  display: -ms-flexbox;
  display: flex;
  -webkit-flex: 1;
  -ms-flex: 1;
  flex: 1;
  -webkit-flex-direction: unset;
  -ms-flex-direction: unset;
  flex-direction: unset;
  -webkit-box-pack: unset;
  -webkit-justify-content: unset;
  -ms-flex-pack: unset;
  justify-content: unset;
  left: unset;
  position: absolute;
  right: 10px;
  top: unset;
  -webkit-transition: 0.3s;
  transition: 0.3s;
}

.c7 {
  border-color: #5b5b5b;
  -webkit-align-items: unset;
  -webkit-box-align: unset;
  -ms-flex-align: unset;
  align-items: unset;
  bottom: unset;
  box-sizing: border-box;
  display: -webkit-box;
  display: -webkit-flex;
  display: -ms-flexbox;
  display: flex;
  -webkit-flex: 1;
  -ms-flex: 1;
  flex: 1;
  -webkit-flex-direction: column;
  -ms-flex-direction: column;
  flex-direction: column;
  -webkit-box-pack: center;
  -webkit-justify-content: center;
  -ms-flex-pack: center;
  justify-content: center;
  left: unset;
  position: unset;
  right: unset;
  top: unset;
  -webkit-transition: 0.3s;
  transition: 0.3s;
}

.c11 {
  border-color: #5b5b5b;
  border-style: solid;
  border-width: 2px;
  border-bottom-color: #1ebad9;
  -webkit-align-items: center;
  -webkit-box-align: center;
  -ms-flex-align: center;
  align-items: center;
  bottom: unset;
  box-sizing: border-box;
  display: -webkit-box;
  display: -webkit-flex;
  display: -ms-flexbox;
  display: flex;
  -webkit-flex: 1;
  -ms-flex: 1;
  flex: 1;
  -webkit-flex-direction: unset;
  -ms-flex-direction: unset;
  flex-direction: unset;
  -webkit-box-pack: unset;
  -webkit-justify-content: unset;
  -ms-flex-pack: unset;
  justify-content: unset;
  left: unset;
  position: unset;
  right: unset;
  top: unset;
  -webkit-transition: 0.3s;
  transition: 0.3s;
}

.c14 {
  border-color: #5b5b5b;
  -webkit-align-items: unset;
  -webkit-box-align: unset;
  -ms-flex-align: unset;
  align-items: unset;
  bottom: unset;
  box-sizing: border-box;
  display: -webkit-box;
  display: -webkit-flex;
  display: -ms-flexbox;
  display: flex;
  -webkit-flex: 1;
  -ms-flex: 1;
  flex: 1;
  -webkit-flex-direction: row;
  -ms-flex-direction: row;
  flex-direction: row;
  -webkit-box-pack: center;
  -webkit-justify-content: center;
  -ms-flex-pack: center;
  justify-content: center;
  left: unset;
  position: unset;
  right: unset;
  top: unset;
  -webkit-transition: 0.3s;
  transition: 0.3s;
}

<div
  className="c0"
  value={1}
>
  <div
    className="c1"
    onClick={[Function]}
  />
  <div
    className="c2"
    value={0.3}
  >
    <div
      className="c3"
      onClick={[Function]}
      value={0.3}
    >
      <div
        className="c4"
        value={1}
      >
        <div
          className="c5"
          value={1}
        >
          <svg
            aria-hidden="true"
            className="svg-inline--fa fa-times-circle fa-w-16 c6"
            data-icon="times-circle"
            data-prefix="far"
            focusable="false"
            onClick={[Function]}
            role="img"
            style={Object {}}
            variant="primary"
            viewBox="0 0 512 512"
            xmlns="http://www.w3.org/2000/svg"
          >
            <path
              d="M256 8C119 8 8 119 8 256s111 248 248 248 248-111 248-248S393 8 256 8zm0 448c-110.5 0-200-89.5-200-200S145.5 56 256 56s200 89.5 200 200-89.5 200-200 200zm101.8-262.2L295.6 256l62.2 62.2c4.7 4.7 4.7 12.3 0 17l-22.6 22.6c-4.7 4.7-12.3 4.7-17 0L256 295.6l-62.2 62.2c-4.7 4.7-12.3 4.7-17 0l-22.6-22.6c-4.7-4.7-4.7-12.3 0-17l62.2-62.2-62.2-62.2c-4.7-4.7-4.7-12.3 0-17l22.6-22.6c4.7-4.7 12.3-4.7 17 0l62.2 62.2 62.2-62.2c4.7-4.7 12.3-4.7 17 0l22.6 22.6c4.7 4.7 4.7 12.3 0 17z"
              fill="currentColor"
              style={Object {}}
            />
          </svg>
        </div>
        <div
          className="c7"
          value={1}
        >
          <form
            className="c8"
            onSubmit={[Function]}
          >
            <h1
              className="c9"
              type="h1"
            >
              Log In
            </h1>
            <input
              className="c10"
              name="email"
              onChange={[Function]}
              placeholder="Email"
              type="text"
            />
            <div
              className="c11"
              value={1}
            >
              <input
                className="c12"
                name="password"
                onChange={[Function]}
                placeholder="Password"
                type="text"
              />
              <svg
                aria-hidden="true"
                className="svg-inline--fa fa-eye fa-w-18 c6"
                data-icon="eye"
                data-prefix="far"
                focusable="false"
                onClick={[Function]}
                role="img"
                style={Object {}}
                variant="primary"
                viewBox="0 0 576 512"
                xmlns="http://www.w3.org/2000/svg"
              >
                <path
                  d="M288 144a110.94 110.94 0 0 0-31.24 5 55.4 55.4 0 0 1 7.24 27 56 56 0 0 1-56 56 55.4 55.4 0 0 1-27-7.24A111.71 111.71 0 1 0 288 144zm284.52 97.4C518.29 135.59 410.93 64 288 64S57.68 135.64 3.48 241.41a32.35 32.35 0 0 0 0 29.19C57.71 376.41 165.07 448 288 448s230.32-71.64 284.52-177.41a32.35 32.35 0 0 0 0-29.19zM288 400c-98.65 0-189.09-55-237.93-144C98.91 167 189.34 112 288 112s189.09 55 237.93 144C477.1 345 386.66 400 288 400z"
                  fill="currentColor"
                  style={Object {}}
                />
              </svg>
            </div>
            <button
              className="c13"
              onClick={[Function]}
              type="submit"
            >
              Submit
            </button>
          </form>
          <div
            className="c14"
            value={1}
          >
            <p
              className="c15"
              type="p"
            >
              Forgot your password? Click 
              <a
                className="c16 "
                href="/"
                onClick={[Function]}
              >
                here
              </a>
            </p>
          </div>
          <div
            className="c14"
            value={1}
          >
            <p
              className="c15"
              type="p"
            >
              Don't have an account? Register 
              <a
                className="c16 "
                href="/"
                onClick={[Function]}
              >
                here
              </a>
            </p>
          </div>
        </div>
      </div>
    </div>
  </div>
</div>
`;
