// Jest Snapshot v1, https://goo.gl/fbAQLP

exports[`Card - Common Tests should match snapshot 1`] = `
.c0 {
  border-radius: 5px;
  border-style: solid;
  background-color: #5b5b5b;
  border-color: #5b5b5b;
  -webkit-flex: 0.25;
  -ms-flex: 0.25;
  flex: 0.25;
  margin: 5px;
  position: relative;
  -webkit-transition: 0.3s;
  transition: 0.3s;
}

<div
  className="c0"
  onClick={[Function]}
  value={0.25}
>
  
</div>
`;
