// Jest Snapshot v1, https://goo.gl/fbAQLP

exports[`Card - Common Tests should match snapshot 1`] = `
.c0 {
  border-radius: 5px;
  border-style: solid;
  background-color: #5b5b5b;
  box-shadow: 0 4px 8px 0 #000000;
  border-color: #5b5b5b;
  height: 25%;
  margin: 5px;
  position: relative;
  -webkit-transition: 0.3s;
  transition: 0.3s;
  width: 20%;
}

.c0:hover {
  box-shadow: 0 8px 16px 0 #000000;
}

<div
  className="c0"
  height="25%"
  width="20%"
>
  
</div>
`;
