// Jest Snapshot v1, https://goo.gl/fbAQLP

exports[`DefaultForm should match snapshot 1`] = `
<form
  className="sc-dlnjPT ipzAHw"
  onSubmit={[Function]}
>
  <h2
    className="sc-hKFyIo gtPKvJ"
  >
    Title
  </h2>
  <input
    className="sc-gtssRu kxlfKJ"
    name="name"
    onChange={[Function]}
    placeholder="Name"
    type="text"
  />
  <button
    className="sc-bdnylx haaAXP"
    type="submit"
  >
    Submit
  </button>
</form>
`;
