// Jest Snapshot v1, https://goo.gl/fbAQLP

exports[`Drawer - Common Tests should match snapshot 1`] = `
.c0 {
  box-sizing: border-box;
  border-style: solid;
  border-width: 2px;
  box-shadow: 0 0 8px 0 #000000;
  border-color: #5b5b5b;
  border-right-color: #1ebad9;
  height: 100%;
  padding: 5px;
  -webkit-transition: 0.3s;
  transition: 0.3s;
  width: 25%;
  margin-right: auto;
}

.c1 {
  display: -webkit-box;
  display: -webkit-flex;
  display: -ms-flexbox;
  display: flex;
  width: 100%;
  -webkit-box-pack: end;
  -webkit-justify-content: flex-end;
  -ms-flex-pack: end;
  justify-content: flex-end;
}

.c2 {
  color: #ffffff;
  margin: 5px;
}

.c2:hover {
  cursor: pointer;
}

<div
  className="c0"
  type="width"
  value={25}
>
  <div
    className="c1"
  >
    <svg
      aria-hidden="true"
      className="svg-inline--fa fa-bars fa-w-14 c2"
      data-icon="bars"
      data-prefix="fas"
      focusable="false"
      onClick={[Function]}
      role="img"
      style={Object {}}
      viewBox="0 0 448 512"
      xmlns="http://www.w3.org/2000/svg"
    >
      <path
        d="M16 132h416c8.837 0 16-7.163 16-16V76c0-8.837-7.163-16-16-16H16C7.163 60 0 67.163 0 76v40c0 8.837 7.163 16 16 16zm0 160h416c8.837 0 16-7.163 16-16v-40c0-8.837-7.163-16-16-16H16c-8.837 0-16 7.163-16 16v40c0 8.837 7.163 16 16 16zm0 160h416c8.837 0 16-7.163 16-16v-40c0-8.837-7.163-16-16-16H16c-8.837 0-16 7.163-16 16v40c0 8.837 7.163 16 16 16z"
        fill="currentColor"
        style={Object {}}
      />
    </svg>
  </div>
  
</div>
`;

exports[`Drawer should match snapshot 1`] = `
.c1 {
  margin: 5px;
}

.c1:hover {
  cursor: pointer;
}

.c2 {
  -webkit-align-self: flex-end;
  -ms-flex-item-align: end;
  align-self: flex-end;
  margin: 10px 10px 0 10px;
}

.c0 {
  border-style: solid;
  border-width: 0 2px 0 0;
  box-shadow: 2px 0 4px 0;
  display: -webkit-box;
  display: -webkit-flex;
  display: -ms-flexbox;
  display: flex;
  -webkit-flex: 0;
  -ms-flex: 0;
  flex: 0;
  -webkit-flex-direction: column;
  -ms-flex-direction: column;
  flex-direction: column;
  height: 100%;
  -webkit-transition: 0.4s;
  transition: 0.4s;
  width: auto;
}

<div
  className="c0"
  open={false}
>
  <svg
    aria-hidden="true"
    className="svg-inline--fa fa-bars fa-w-14 c1 c2"
    data-icon="bars"
    data-prefix="fas"
    focusable="false"
    onClick={[Function]}
    role="img"
    style={Object {}}
    viewBox="0 0 448 512"
    xmlns="http://www.w3.org/2000/svg"
  >
    <path
      d="M16 132h416c8.837 0 16-7.163 16-16V76c0-8.837-7.163-16-16-16H16C7.163 60 0 67.163 0 76v40c0 8.837 7.163 16 16 16zm0 160h416c8.837 0 16-7.163 16-16v-40c0-8.837-7.163-16-16-16H16c-8.837 0-16 7.163-16 16v40c0 8.837 7.163 16 16 16zm0 160h416c8.837 0 16-7.163 16-16v-40c0-8.837-7.163-16-16-16H16c-8.837 0-16 7.163-16 16v40c0 8.837 7.163 16 16 16z"
      fill="currentColor"
      style={Object {}}
    />
  </svg>
</div>
`;
