// Jest Snapshot v1, https://goo.gl/fbAQLP

exports[`ChangePasswordForm - Common Tests should match snapshot 1`] = `
.c3 {
  background-color: #1ebad9;
  border-color: #1ebad9;
  border-radius: 5px;
  border-style: solid;
  box-shadow: 2px 2px #188aa1;
  margin: 10px;
  padding: 2.5px 5px;
}

.c3:active {
  box-shadow: 1px 1px #188aa1;
  -webkit-transform: translateY(1px) translateX(1px);
  -ms-transform: translateY(1px) translateX(1px);
  transform: translateY(1px) translateX(1px);
}

.c3:focus {
  outline: 0;
}

.c3:hover {
  cursor: pointer;
}

.c1 {
  text-align: center;
  color: #ffffff;
  margin: 0;
}

.c2 {
  border-style: solid;
  background-color: #5b5b5b;
  color: #ffffff;
  border-color: #5b5b5b;
  border-style: solid;
  border-width: 2px;
  border-bottom-color: #1ebad9;
  -webkit-flex: 1;
  -ms-flex: 1;
  flex: 1;
}

.c2:focus {
  outline: 0;
}

.c2::-webkit-input-placeholder {
  color: #ffffff;
}

.c2::-moz-placeholder {
  color: #ffffff;
}

.c2:-ms-input-placeholder {
  color: #ffffff;
}

.c2::placeholder {
  color: #ffffff;
}

.c0 {
  display: -webkit-box;
  display: -webkit-flex;
  display: -ms-flexbox;
  display: flex;
  -webkit-flex-direction: column;
  -ms-flex-direction: column;
  flex-direction: column;
  padding: 10px;
}

<form
  className="c0"
  onSubmit={[Function]}
>
  <h2
    className="c1"
    type="h2"
  >
    Change Password
  </h2>
  <input
    className="c2"
    name="password"
    onChange={[Function]}
    placeholder="Password"
    type="text"
  />
  <input
    className="c2"
    name="confirmPassword"
    onChange={[Function]}
    placeholder="Confirm Password"
    type="text"
  />
  <button
    className="c3"
    onClick={[Function]}
    type="submit"
  >
    Submit
  </button>
</form>
`;

exports[`ForgotForm - Common Tests should match snapshot 1`] = `
.c3 {
  background-color: #1ebad9;
  border-color: #1ebad9;
  border-radius: 5px;
  border-style: solid;
  box-shadow: 2px 2px #188aa1;
  margin: 10px;
  padding: 2.5px 5px;
}

.c3:active {
  box-shadow: 1px 1px #188aa1;
  -webkit-transform: translateY(1px) translateX(1px);
  -ms-transform: translateY(1px) translateX(1px);
  transform: translateY(1px) translateX(1px);
}

.c3:focus {
  outline: 0;
}

.c3:hover {
  cursor: pointer;
}

.c1 {
  text-align: center;
  color: #ffffff;
  margin: 0;
}

.c2 {
  border-style: solid;
  background-color: #5b5b5b;
  color: #ffffff;
  border-color: #5b5b5b;
  border-style: solid;
  border-width: 2px;
  border-bottom-color: #1ebad9;
  -webkit-flex: 1;
  -ms-flex: 1;
  flex: 1;
}

.c2:focus {
  outline: 0;
}

.c2::-webkit-input-placeholder {
  color: #ffffff;
}

.c2::-moz-placeholder {
  color: #ffffff;
}

.c2:-ms-input-placeholder {
  color: #ffffff;
}

.c2::placeholder {
  color: #ffffff;
}

.c0 {
  display: -webkit-box;
  display: -webkit-flex;
  display: -ms-flexbox;
  display: flex;
  -webkit-flex-direction: column;
  -ms-flex-direction: column;
  flex-direction: column;
  padding: 10px;
}

<form
  className="c0"
  onSubmit={[Function]}
>
  <h2
    className="c1"
    type="h2"
  >
    Forgot Password
  </h2>
  <input
    className="c2"
    name="email"
    onChange={[Function]}
    placeholder="Email"
    type="text"
  />
  <button
    className="c3"
    onClick={[Function]}
    type="submit"
  >
    Submit
  </button>
</form>
`;

exports[`LoginForm - Common Tests should match snapshot 1`] = `
.c3 {
  background-color: #1ebad9;
  border-color: #1ebad9;
  border-radius: 5px;
  border-style: solid;
  box-shadow: 2px 2px #188aa1;
  margin: 10px;
  padding: 2.5px 5px;
}

.c3:active {
  box-shadow: 1px 1px #188aa1;
  -webkit-transform: translateY(1px) translateX(1px);
  -ms-transform: translateY(1px) translateX(1px);
  transform: translateY(1px) translateX(1px);
}

.c3:focus {
  outline: 0;
}

.c3:hover {
  cursor: pointer;
}

.c1 {
  text-align: center;
  color: #ffffff;
  margin: 0;
}

.c2 {
  border-style: solid;
  background-color: #5b5b5b;
  color: #ffffff;
  border-color: #5b5b5b;
  border-style: solid;
  border-width: 2px;
  border-bottom-color: #1ebad9;
  -webkit-flex: 1;
  -ms-flex: 1;
  flex: 1;
}

.c2:focus {
  outline: 0;
}

.c2::-webkit-input-placeholder {
  color: #ffffff;
}

.c2::-moz-placeholder {
  color: #ffffff;
}

.c2:-ms-input-placeholder {
  color: #ffffff;
}

.c2::placeholder {
  color: #ffffff;
}

.c0 {
  display: -webkit-box;
  display: -webkit-flex;
  display: -ms-flexbox;
  display: flex;
  -webkit-flex-direction: column;
  -ms-flex-direction: column;
  flex-direction: column;
  padding: 10px;
}

<form
  className="c0"
  onSubmit={[Function]}
>
  <h2
    className="c1"
    type="h2"
  >
    Log In
  </h2>
  <input
    className="c2"
    name="email"
    onChange={[Function]}
    placeholder="Email"
    type="text"
  />
  <input
    className="c2"
    name="password"
    onChange={[Function]}
    placeholder="Password"
    type="text"
  />
  <button
    className="c3"
    onClick={[Function]}
    type="submit"
  >
    Submit
  </button>
</form>
`;

exports[`RegisterForm - Common Tests should match snapshot 1`] = `
.c3 {
  background-color: #1ebad9;
  border-color: #1ebad9;
  border-radius: 5px;
  border-style: solid;
  box-shadow: 2px 2px #188aa1;
  margin: 10px;
  padding: 2.5px 5px;
}

.c3:active {
  box-shadow: 1px 1px #188aa1;
  -webkit-transform: translateY(1px) translateX(1px);
  -ms-transform: translateY(1px) translateX(1px);
  transform: translateY(1px) translateX(1px);
}

.c3:focus {
  outline: 0;
}

.c3:hover {
  cursor: pointer;
}

.c1 {
  text-align: center;
  color: #ffffff;
  margin: 0;
}

.c2 {
  border-style: solid;
  background-color: #5b5b5b;
  color: #ffffff;
  border-color: #5b5b5b;
  border-style: solid;
  border-width: 2px;
  border-bottom-color: #1ebad9;
  -webkit-flex: 1;
  -ms-flex: 1;
  flex: 1;
}

.c2:focus {
  outline: 0;
}

.c2::-webkit-input-placeholder {
  color: #ffffff;
}

.c2::-moz-placeholder {
  color: #ffffff;
}

.c2:-ms-input-placeholder {
  color: #ffffff;
}

.c2::placeholder {
  color: #ffffff;
}

.c0 {
  display: -webkit-box;
  display: -webkit-flex;
  display: -ms-flexbox;
  display: flex;
  -webkit-flex-direction: column;
  -ms-flex-direction: column;
  flex-direction: column;
  padding: 10px;
}

<form
  className="c0"
  onSubmit={[Function]}
>
  <h2
    className="c1"
    type="h2"
  >
    Register
  </h2>
  <input
    className="c2"
    name="name"
    onChange={[Function]}
    placeholder="Name"
    type="text"
  />
  <input
    className="c2"
    name="email"
    onChange={[Function]}
    placeholder="Email"
    type="text"
  />
  <input
    className="c2"
    name="password"
    onChange={[Function]}
    placeholder="Password"
    type="text"
  />
  <input
    className="c2"
    name="confirmPassword"
    onChange={[Function]}
    placeholder="Confirm Password"
    type="text"
  />
  <button
    className="c3"
    onClick={[Function]}
    type="submit"
  >
    Submit
  </button>
</form>
`;
