// Jest Snapshot v1, https://goo.gl/fbAQLP

exports[` - Common Tests should match snapshot 1`] = `
.c2 {
  border-radius: 5px;
  border-style: solid;
  background-color: #ffffff;
  box-shadow: 0 4px 8px 0 #000000;
  border-color: #ffffff;
  -webkit-flex: 1;
  -ms-flex: 1;
  flex: 1;
  margin: 5px;
  position: relative;
  -webkit-transition: 0.3s;
  transition: 0.3s;
}

.c2:hover {
  cursor: pointer;
  box-shadow: 0 2px 4px 0 #000000;
}

.c5 {
  border-radius: 5px;
  border-style: solid;
  background-color: #5b5b5b;
  border-color: #5b5b5b;
  -webkit-flex: 1;
  -ms-flex: 1;
  flex: 1;
  margin: 5px;
  position: relative;
  -webkit-transition: 0.3s;
  transition: 0.3s;
}

.c5:hover {
  cursor: pointer;
  box-shadow: 0 2px 4px 0 #000000;
}

.c4 {
  color: #1ebad9;
  margin: 0;
  text-align: left;
}

.c7 {
  color: #ffffff;
  margin: 0;
  text-align: left;
}

.c0 {
  border-color: #5b5b5b;
  -webkit-align-items: unset;
  -webkit-box-align: unset;
  -ms-flex-align: unset;
  align-items: unset;
  bottom: unset;
  box-sizing: border-box;
  display: -webkit-box;
  display: -webkit-flex;
  display: -ms-flexbox;
  display: flex;
  -webkit-flex: 1;
  -ms-flex: 1;
  flex: 1;
  -webkit-flex-direction: column;
  -ms-flex-direction: column;
  flex-direction: column;
  -webkit-box-pack: unset;
  -webkit-justify-content: unset;
  -ms-flex-pack: unset;
  justify-content: unset;
  left: unset;
  position: unset;
  right: unset;
  top: unset;
  -webkit-transition: 0.3s;
  transition: 0.3s;
}

.c1 {
  border-color: #5b5b5b;
  -webkit-align-items: unset;
  -webkit-box-align: unset;
  -ms-flex-align: unset;
  align-items: unset;
  bottom: unset;
  box-sizing: border-box;
  display: -webkit-box;
  display: -webkit-flex;
  display: -ms-flexbox;
  display: flex;
  -webkit-flex: unset;
  -ms-flex: unset;
  flex: unset;
  -webkit-flex-direction: unset;
  -ms-flex-direction: unset;
  flex-direction: unset;
  -webkit-box-pack: unset;
  -webkit-justify-content: unset;
  -ms-flex-pack: unset;
  justify-content: unset;
  left: unset;
  position: unset;
  right: unset;
  top: unset;
  -webkit-transition: 0.3s;
  transition: 0.3s;
}

.c3 {
  border-color: #ffffff;
  padding: 10px;
  -webkit-align-items: unset;
  -webkit-box-align: unset;
  -ms-flex-align: unset;
  align-items: unset;
  bottom: unset;
  box-sizing: border-box;
  display: -webkit-box;
  display: -webkit-flex;
  display: -ms-flexbox;
  display: flex;
  -webkit-flex: 1;
  -ms-flex: 1;
  flex: 1;
  -webkit-flex-direction: unset;
  -ms-flex-direction: unset;
  flex-direction: unset;
  -webkit-box-pack: unset;
  -webkit-justify-content: unset;
  -ms-flex-pack: unset;
  justify-content: unset;
  left: unset;
  position: unset;
  right: unset;
  top: unset;
  -webkit-transition: 0.3s;
  transition: 0.3s;
}

.c6 {
  border-color: #5b5b5b;
  padding: 10px;
  -webkit-align-items: unset;
  -webkit-box-align: unset;
  -ms-flex-align: unset;
  align-items: unset;
  bottom: unset;
  box-sizing: border-box;
  display: -webkit-box;
  display: -webkit-flex;
  display: -ms-flexbox;
  display: flex;
  -webkit-flex: 1;
  -ms-flex: 1;
  flex: 1;
  -webkit-flex-direction: unset;
  -ms-flex-direction: unset;
  flex-direction: unset;
  -webkit-box-pack: unset;
  -webkit-justify-content: unset;
  -ms-flex-pack: unset;
  justify-content: unset;
  left: unset;
  position: unset;
  right: unset;
  top: unset;
  -webkit-transition: 0.3s;
  transition: 0.3s;
}

.c8 {
  border-color: #5b5b5b;
  border-style: solid;
  border-width: 2px;
  border-left-color: #1ebad9;
  margin-left: 20px;
  -webkit-align-items: unset;
  -webkit-box-align: unset;
  -ms-flex-align: unset;
  align-items: unset;
  bottom: unset;
  box-sizing: border-box;
  display: -webkit-box;
  display: -webkit-flex;
  display: -ms-flexbox;
  display: flex;
  -webkit-flex: unset;
  -ms-flex: unset;
  flex: unset;
  -webkit-flex-direction: unset;
  -ms-flex-direction: unset;
  flex-direction: unset;
  -webkit-box-pack: unset;
  -webkit-justify-content: unset;
  -ms-flex-pack: unset;
  justify-content: unset;
  left: unset;
  position: unset;
  right: unset;
  top: unset;
  -webkit-transition: 0.3s;
  transition: 0.3s;
}

<div
  className="c0"
  value={1}
>
  <div
    className="c1"
    value="unset"
  >
    <div
      className="c2"
      onClick={[Function]}
      value={1}
    >
      <div
        className="c3"
        value={1}
      >
        <h5
          className="c4"
          size="medium"
          type="body"
        >
          item1
        </h5>
      </div>
    </div>
  </div>
  <div
    className="c1"
    value="unset"
  >
    <div
      className="c5"
      onClick={[Function]}
      value={1}
    >
      <div
        className="c6"
        value={1}
      >
        <h5
          className="c7"
          size="medium"
          type="body"
        >
          item2
        </h5>
      </div>
    </div>
  </div>
  <div
    className="c1"
    value="unset"
  >
    <div
      className="c5"
      onClick={[Function]}
      value={1}
    >
      <div
        className="c6"
        value={1}
      >
        <h5
          className="c7"
          size="medium"
          type="body"
        >
          parent1:
        </h5>
      </div>
    </div>
  </div>
  <div
    className="c8"
    value="unset"
  >
    <div
      className="c5"
      onClick={[Function]}
      value={1}
    >
      <div
        className="c6"
        value={1}
      >
        <h5
          className="c7"
          size="medium"
          type="body"
        >
          sub-item1
        </h5>
      </div>
    </div>
  </div>
  <div
    className="c8"
    value="unset"
  >
    <div
      className="c5"
      onClick={[Function]}
      value={1}
    >
      <div
        className="c6"
        value={1}
      >
        <h5
          className="c7"
          size="medium"
          type="body"
        >
          sub-item2
        </h5>
      </div>
    </div>
  </div>
  <div
    className="c1"
    value="unset"
  >
    <div
      className="c5"
      onClick={[Function]}
      value={1}
    >
      <div
        className="c6"
        value={1}
      >
        <h5
          className="c7"
          size="medium"
          type="body"
        >
          item3
        </h5>
      </div>
    </div>
  </div>
</div>
`;
