// Jest Snapshot v1, https://goo.gl/fbAQLP

exports[`Navigation - Admin should match snapshot 1`] = `
<div>
  <div
    className="sc-bqGHjH dvUBuf"
  >
    <a
      className="sc-dIsAE huunyz"
      href="/"
      onClick={[Function]}
      selected={true}
    >
      Landing
    </a>
    <div
      className="sc-crzoUp kMmHgM"
    >
      <span
        className="sc-ksluoS gWrofP"
      >
        Apps:
      </span>
      <div
        className="sc-hBMVcZ iyEoEZ"
      >
        <a
          className="sc-dIsAE cJGFTb"
          href="/notes"
          onClick={[Function]}
          selected={false}
        >
          Notes
        </a>
      </div>
    </div>
    <a
      className="sc-dIsAE cJGFTb"
      href="/admin-panel"
      onClick={[Function]}
      selected={false}
    >
      Admin Panel
    </a>
    <span
      className="sc-ksluoS gWrofP"
      onClick={[Function]}
    >
      Change Password
    </span>
    <span
      className="sc-ksluoS gWrofP Navigation_LoginRegisterLink"
      onClick={[Function]}
    >
      Sign out
    </span>
  </div>
</div>
`;

exports[`Navigation - Guest should match snapshot 1`] = `
<div>
  <div
    className="sc-bqGHjH dvUBuf"
  >
    <a
      className="sc-dIsAE huunyz"
      href="/"
      onClick={[Function]}
      selected={true}
    >
      Landing
    </a>
    <div
      className="sc-crzoUp kMmHgM"
    >
      <span
        className="sc-ksluoS gWrofP"
      >
        Apps:
      </span>
      <div
        className="sc-hBMVcZ iyEoEZ"
      >
        <a
          className="sc-dIsAE cJGFTb"
          href="/notes"
          onClick={[Function]}
          selected={false}
        >
          Notes
        </a>
      </div>
    </div>
    <span
      className="sc-ksluoS gWrofP Navigation_LoginRegisterLink"
      onClick={[Function]}
    >
      Login
    </span>
  </div>
</div>
`;
