// Jest Snapshot v1, https://goo.gl/fbAQLP

exports[`Navigation should match snapshot 1`] = `
<div>
  <div
    className="sc-dIsAE jipujT"
  >
    <a
      className="sc-crzoUp bWsIxM"
      href="/"
      onClick={[Function]}
      selected={true}
    >
      Landing
    </a>
    <a
      className="sc-crzoUp bjsitY"
      href="/admin-panel"
      onClick={[Function]}
      selected={false}
    >
      Admin Panel
    </a>
    <span
      className="sc-bqGHjH ZvGvQ"
      onClick={[Function]}
    >
      Change Password
    </span>
    <span
      className="sc-bqGHjH ZvGvQ"
      onClick={[Function]}
    >
      Sign out
    </span>
  </div>
</div>
`;
