// Jest Snapshot v1, https://goo.gl/fbAQLP

exports[`Navigation - Common Tests should match snapshot 1`] = `
.c1 {
  display: -webkit-box;
  display: -webkit-flex;
  display: -ms-flexbox;
  display: flex;
  width: 100%;
  -webkit-box-pack: end;
  -webkit-justify-content: flex-end;
  -ms-flex-pack: end;
  justify-content: flex-end;
}

.c5 {
  border-radius: 5px;
  border-style: solid;
  background-color: #373737;
  box-shadow: 0 4px 8px 0 #000000;
  border-color: #373737;
  -webkit-flex: 1;
  -ms-flex: 1;
  flex: 1;
  margin: 5px;
  position: relative;
  -webkit-transition: 0.3s;
  transition: 0.3s;
}

.c5:hover {
  cursor: pointer;
  box-shadow: 0 2px 4px 0 #000000;
}

.c8 {
  border-radius: 5px;
  border-style: solid;
  background-color: #5b5b5b;
  border-color: #5b5b5b;
  -webkit-flex: 1;
  -ms-flex: 1;
  flex: 1;
  margin: 5px;
  position: relative;
  -webkit-transition: 0.3s;
  transition: 0.3s;
}

.c8:hover {
  cursor: pointer;
  box-shadow: 0 2px 4px 0 #000000;
}

.c2 {
  color: #ffffff;
}

.c2:hover {
  cursor: pointer;
}

.c7 {
  text-align: left;
  color: #1ebad9;
  margin: 0;
}

.c10 {
  text-align: left;
  color: #ffffff;
  margin: 0;
}

.c0 {
  box-sizing: border-box;
  border-color: #5b5b5b;
  box-shadow: 0 0 8px 0 #000000;
  height: 100%;
  padding: 5px;
  -webkit-transition: 0.3s;
  transition: 0.3s;
  width: 25%;
  margin-right: auto;
}

.c3 {
  border-color: #5b5b5b;
  -webkit-align-items: unset;
  -webkit-box-align: unset;
  -ms-flex-align: unset;
  align-items: unset;
  bottom: unset;
  box-sizing: border-box;
  display: -webkit-box;
  display: -webkit-flex;
  display: -ms-flexbox;
  display: flex;
  -webkit-flex: 1;
  -ms-flex: 1;
  flex: 1;
  -webkit-flex-direction: column;
  -ms-flex-direction: column;
  flex-direction: column;
  -webkit-box-pack: unset;
  -webkit-justify-content: unset;
  -ms-flex-pack: unset;
  justify-content: unset;
  left: unset;
  position: unset;
  right: unset;
  top: unset;
  -webkit-transition: 0.3s;
  transition: 0.3s;
}

.c4 {
  border-color: #5b5b5b;
  -webkit-align-items: unset;
  -webkit-box-align: unset;
  -ms-flex-align: unset;
  align-items: unset;
  bottom: unset;
  box-sizing: border-box;
  display: -webkit-box;
  display: -webkit-flex;
  display: -ms-flexbox;
  display: flex;
  -webkit-flex: unset;
  -ms-flex: unset;
  flex: unset;
  -webkit-flex-direction: unset;
  -ms-flex-direction: unset;
  flex-direction: unset;
  -webkit-box-pack: unset;
  -webkit-justify-content: unset;
  -ms-flex-pack: unset;
  justify-content: unset;
  left: unset;
  position: unset;
  right: unset;
  top: unset;
  -webkit-transition: 0.3s;
  transition: 0.3s;
}

.c6 {
  border-color: #373737;
  padding: 10px;
  -webkit-align-items: unset;
  -webkit-box-align: unset;
  -ms-flex-align: unset;
  align-items: unset;
  bottom: unset;
  box-sizing: border-box;
  display: -webkit-box;
  display: -webkit-flex;
  display: -ms-flexbox;
  display: flex;
  -webkit-flex: 1;
  -ms-flex: 1;
  flex: 1;
  -webkit-flex-direction: unset;
  -ms-flex-direction: unset;
  flex-direction: unset;
  -webkit-box-pack: unset;
  -webkit-justify-content: unset;
  -ms-flex-pack: unset;
  justify-content: unset;
  left: unset;
  position: unset;
  right: unset;
  top: unset;
  -webkit-transition: 0.3s;
  transition: 0.3s;
}

.c9 {
  border-color: #5b5b5b;
  padding: 10px;
  -webkit-align-items: unset;
  -webkit-box-align: unset;
  -ms-flex-align: unset;
  align-items: unset;
  bottom: unset;
  box-sizing: border-box;
  display: -webkit-box;
  display: -webkit-flex;
  display: -ms-flexbox;
  display: flex;
  -webkit-flex: 1;
  -ms-flex: 1;
  flex: 1;
  -webkit-flex-direction: unset;
  -ms-flex-direction: unset;
  flex-direction: unset;
  -webkit-box-pack: unset;
  -webkit-justify-content: unset;
  -ms-flex-pack: unset;
  justify-content: unset;
  left: unset;
  position: unset;
  right: unset;
  top: unset;
  -webkit-transition: 0.3s;
  transition: 0.3s;
}

<div
  className="c0"
  type="width"
  value={25}
>
  <div
    className="c1"
  >
    <svg
      aria-hidden="true"
      className="svg-inline--fa fa-bars fa-w-14 c2"
      data-icon="bars"
      data-prefix="fas"
      focusable="false"
      name="bars"
      onClick={[Function]}
      role="img"
      style={Object {}}
      variant="primary"
      viewBox="0 0 448 512"
      xmlns="http://www.w3.org/2000/svg"
    >
      <path
        d="M16 132h416c8.837 0 16-7.163 16-16V76c0-8.837-7.163-16-16-16H16C7.163 60 0 67.163 0 76v40c0 8.837 7.163 16 16 16zm0 160h416c8.837 0 16-7.163 16-16v-40c0-8.837-7.163-16-16-16H16c-8.837 0-16 7.163-16 16v40c0 8.837 7.163 16 16 16zm0 160h416c8.837 0 16-7.163 16-16v-40c0-8.837-7.163-16-16-16H16c-8.837 0-16 7.163-16 16v40c0 8.837 7.163 16 16 16z"
        fill="currentColor"
        style={Object {}}
      />
    </svg>
  </div>
  <div
    className="c3"
    value={1}
  >
    <div
      className="c4"
      value="unset"
    >
      <div
        className="c5"
        onClick={[Function]}
        value={1}
      >
        <div
          className="c6"
          value={1}
        >
          <p
            className="c7"
            type="p"
          >
            Default
          </p>
        </div>
      </div>
    </div>
    <div
      className="c4"
      value="unset"
    >
      <div
        className="c8"
        onClick={[Function]}
        value={1}
      >
        <div
          className="c9"
          value={1}
        >
          <p
            className="c10"
            type="p"
          >
            Register / Sign In
          </p>
        </div>
      </div>
    </div>
  </div>
</div>
`;
