// Jest Snapshot v1, https://goo.gl/fbAQLP

exports[`Password - Common Tests should match snapshot 1`] = `
.c2 {
  color: #ffffff;
}

.c2:hover {
  cursor: pointer;
}

.c1 {
  border-style: solid;
  background-color: #5b5b5b;
  color: #ffffff;
  border-color: #5b5b5b;
  border-style: solid;
  border-width: 2px;
  -webkit-flex: 1;
  -ms-flex: 1;
  flex: 1;
}

.c1:focus {
  outline: 0;
}

.c1::-webkit-input-placeholder {
  color: #ffffff;
}

.c1::-moz-placeholder {
  color: #ffffff;
}

.c1:-ms-input-placeholder {
  color: #ffffff;
}

.c1::placeholder {
  color: #ffffff;
}

.c0 {
  border-color: #5b5b5b;
  border-style: solid;
  border-width: 2px;
  border-bottom-color: #1ebad9;
  padding: 5px;
  -webkit-align-items: center;
  -webkit-box-align: center;
  -ms-flex-align: center;
  align-items: center;
  bottom: unset;
  box-sizing: border-box;
  display: -webkit-box;
  display: -webkit-flex;
  display: -ms-flexbox;
  display: flex;
  -webkit-flex: 1;
  -ms-flex: 1;
  flex: 1;
  -webkit-flex-direction: unset;
  -ms-flex-direction: unset;
  flex-direction: unset;
  -webkit-box-pack: unset;
  -webkit-justify-content: unset;
  -ms-flex-pack: unset;
  justify-content: unset;
  left: unset;
  position: unset;
  right: unset;
  top: unset;
  -webkit-transition: 0.3s;
  transition: 0.3s;
}

<div
  className="c0"
  value={1}
>
  <input
    className="c1"
    name="defaultName"
    onChange={[Function]}
    placeholder="Placeholder"
    type="password"
  />
  <svg
    aria-hidden="true"
    className="svg-inline--fa fa-eye fa-w-18 c2"
    data-icon="eye"
    data-prefix="far"
    focusable="false"
    onClick={[Function]}
    role="img"
    style={Object {}}
    variant="primary"
    viewBox="0 0 576 512"
    xmlns="http://www.w3.org/2000/svg"
  >
    <path
      d="M288 144a110.94 110.94 0 0 0-31.24 5 55.4 55.4 0 0 1 7.24 27 56 56 0 0 1-56 56 55.4 55.4 0 0 1-27-7.24A111.71 111.71 0 1 0 288 144zm284.52 97.4C518.29 135.59 410.93 64 288 64S57.68 135.64 3.48 241.41a32.35 32.35 0 0 0 0 29.19C57.71 376.41 165.07 448 288 448s230.32-71.64 284.52-177.41a32.35 32.35 0 0 0 0-29.19zM288 400c-98.65 0-189.09-55-237.93-144C98.91 167 189.34 112 288 112s189.09 55 237.93 144C477.1 345 386.66 400 288 400z"
      fill="currentColor"
      style={Object {}}
    />
  </svg>
</div>
`;
