// Jest Snapshot v1, https://goo.gl/fbAQLP

exports[`TextBox - Common Tests should match snapshot 1`] = `
.c0 {
  border-style: solid;
  background-color: #5b5b5b;
  color: #ffffff;
  border-color: #5b5b5b;
  border-style: solid;
  border-width: 2px;
  border-bottom-color: #1ebad9;
  -webkit-flex: 1;
  -ms-flex: 1;
  flex: 1;
}

.c0:focus {
  outline: 0;
}

.c0::-webkit-input-placeholder {
  color: #ffffff;
}

.c0::-moz-placeholder {
  color: #ffffff;
}

.c0:-ms-input-placeholder {
  color: #ffffff;
}

.c0::placeholder {
  color: #ffffff;
}

<input
  className="c0"
  name="defaultName"
  onChange={[Function]}
  placeholder="Placeholder"
  type="text"
/>
`;
